// Jest Snapshot v1, https://goo.gl/fbAQLP

exports[`Board component ... ... matches snapshot 1`] = `ShallowWrapper {}`;
